    Finished `test` profile [unoptimized + debuginfo] target(s) in 0.08s
     Running tests/server_replay.rs (packages/engine/target/cargo/debug/deps/server_replay-1b6a4663cd0381ad)

running 452 tests
test companions::wrong_shapes_refuse_before_effects ... ok
test companions::intent_first_valid_wins_with_counts_and_no_effects ... ok
test companions::mining_intents_stage_nothing_here ... ok
test companions::placement_settles_in_id_order_with_atomic_refusals ... ok
test companions::motion_steps_move_and_retains_yaw_neutral ... ok
test containers::close_previews_only_extended_grid_and_clears_missing_actor_view ... ok
test containers::container_inventory_region_drop_preserves_tool_durability ... ok
test containers::exhausted_chunk_revision_cannot_debit_container_transfer ... ok
test companions::neutral_hold_release_and_container_atomic ... ok
test containers::container_drop_is_whole_atomic_and_ages_only_on_next_step ... ok
test containers::actual_furnace_open_replaces_chest_lease ... ok
test containers::exhausted_referenced_chunk_refuses_inventory_region_drop_atomically ... ok
test containers::lease_close_and_commit_do_not_resurrect_previous_view ... ok
test containers::inventory_only_container_commands_touch_exact_referenced_chunk ... ok
test containers::full_drop_slots_refuse_then_same_cell_merge_preserves_source_atomicity ... ok
test containers::ready_open_binds_exact_slot_before_first_move ... ok
test containers::sneaking_open_preserves_previous_exact_lease ... ok
test containers::furnace_output_and_priority ... ok
test containers::transfer_uses_live_lease_without_per_command_reach_veto ... ok
test crafting::all_25_recipes_and_mirror ... ok
test containers::partial_absorb ... ok
test containers::ready_container_ray_passes_fluids_and_open_door_halves ... ok
test crafting::bench_not_ready_chunk_closes ... ok
test containers::two_viewers_cannot_drop_the_same_container_source_twice ... ok
test crafting::bench_anchor_is_save_blind ... ok
test crafting::bench_dimension_move_closes ... ok
test containers::furnace_panel_drop_debits_input_fuel_and_output_without_repack_veto ... ok
test containers::late_close_and_generation ... ok
test crafting::bench_repack_impossible_keeps_anchor_and_sibling_closes ... ok
test crafting::bench_open_stages_anchor_size_and_clears_lease ... ok
test crafting::bench_wrong_block_closes ... ok
test crafting::bench_reopen_reanchors_with_grid_intact ... ok
test crafting::bench_mined_same_tick_closes ... ok
test crafting::view_grid0_inventory9_boundary ... ok
test crafting::bench_walk_away_closes_and_repacks ... ok
test crafting::capacity_close_repack ... ok
test containers::stale_view_and_unauthorized ... ok
test crafting::chest_open_preserves_bench ... ok
test crops::capacity_and_second_write_fault ... ok
test crops::dual_landing_once ... ok
test crafting::bench_open_passes_transparent_cells ... ok
test crops::full_slots_merge_at_crop_cell_and_stale_ground_refuses ... ok
test drops::death_loot_expiry_precedes_pickup ... ok
test crafting::stale_anchor_crafting_works_until_close ... ok
test drops::death_loot_full_pack_preserves_world_output ... ok
test drops::death_loot_untouchable_before_forty_then_picked_up_atomically ... ok
test drops::death_loot_partial_remainder_conserves_total ... ok
test drops::capacity_and_shape_refuse_before_aging ... ok
test drops::durable_selected_drop_preserves_item_identity ... ok
test drops::earlier_inventory_move_and_grid_shrink_change_drop_source ... ok
test drops::delay_forty_then_atomic_pickup_conserves_stack ... ok
test crops::environmental_crop_outputs_and_missing_environment ... ok
test drops::death_staged_loot_ages_and_counts_down_without_pickup ... ok
test drops::exact_pickup_radius_and_age_expiry_precedes_pickup ... ok
test drops::inactive_keys_unknown_chunks_and_wrapping_age ... ok
test drops::invalid_drop_calls_and_extreme_feet_are_state_preserving ... ok
test drops::four_phase_pack_credit_prefers_hotbar_then_backpack ... ok
test drops::inactive_delay_and_restart_uses_stored_counters ... ok
test drops::full_pack_and_exhausted_revision_preserve_items ... ok
test drops::negative_feet_and_depths_use_authoritative_floor ... ok
test drops::duplicate_interest_and_missing_environment ... ok
test drops::drop_refusals_preserve_inventory_slots_and_durable_revision ... ok
test drops::panel_debit_needs_no_repack_capacity_and_full_slots_can_merge ... ok
test drops::nondefault_lifetime_and_range_are_used ... ok
test drops::pickup_preserves_tool_durability_and_unrelated_inventory ... ok
test eating::configured_eating_duration_settles_at_exact_tick ... ok
test eating::eating_duration_changes_and_interrupts_use_current_snapshot ... ok
test eating::eligible_eating_without_environment_refuses_before_effects ... ok
test eating::all_food_and_clamp ... ok
test eating::interrupt_on_completion ... ok
test drops::inactive_player_and_wrong_dimension_do_not_pickup ... ok
test eating::slot_change_and_restore ... ok
test eating::tick_31_32_atomic ... ok
test environment::command_at_boundary_unchanged ... ok
test environment::day_and_season_boundary_once ... ok
test environment::step_restore_boundary ... ok
test farmland::reads_162_163 ... ok
test farmland::global_budget_and_original_due ... ok
test fluids::flood_wheat_outputs_and_requires_environment_before_pop ... ok
test drops::mining_ten_and_player_forty_delay_pin ... ok
test drops::selected_drop_reads_current_slot_and_preserves_remainder_and_delay_order ... ok
test drops::panel_views_remove_whole_authoritative_stack_with_dynamic_grid_bounds ... ok
test fluids::strongest_snapshot_merge ... ok
test fluids::full_slots_merge_seed_and_wild_grass_has_no_output ... ok
test full_corpus::logical_state_and_events_match_across_runs ... ok
test furnaces::active_furnace_missing_snapshot_refuses_before_material_mutation ... ok
test furnaces::configured_furnace_timing_uses_current_batch_snapshot ... ok
test furnaces::configured_furnace_zero_timing_normalizes_at_consumption ... ok
test fluids::rescan_section_overshoot ... ok
test furnaces::fuel_1600_smelt_200 ... ok
test furnaces::full_output_pauses_both ... ok
test furnaces::shape_and_interest_gates ... ok
test fluids::plant_capacity_retry_preserves_independent_water ... ok
test drops::session_order_partial_remainder_and_repack_veto ... ok
test generation::all_seed_dimension_fluid_headers_match_go ... ok
test furnaces::one_coal_yields_eight_ingots ... ok
test generation::seed42_header_matches_go ... ok
test full_corpus::inventory_source_digests_match_go_fixtures ... ok
test fluids::two_dimensions_513 ... ok
test hostile_actions::blocked_line_of_sight_stages_nothing ... ok
test hostile_actions::calendar_time_does_not_change_actual_shot_spread ... ok
test hostile_actions::clear_shot_stages_shard_and_cooldown ... ok
test hostile_actions::cooling_hurler_stages_nothing ... ok
test hostile_actions::cross_dimension_target_excluded ... ok
test hostile_actions::dead_player_is_never_target ... ok
test hostile_actions::dead_walker_submits_nothing ... ok
test hostile_actions::equal_distance_tie_prefers_smaller_player_id ... ok
test hostile_actions::execution_tick_changes_actual_shot_spread ... ok
test hostile_actions::exhausted_projectile_capacity_stages_no_cooldown ... ok
test hostile_actions::fresh_spawn_submits_nothing ... ok
test hostile_actions::full_house_of_sixty_four_is_accepted ... ok
test hostile_actions::geometry_negative_clear_shot_remains_admitted ... ok
test hostile_actions::geometry_shot_planning_refuses_unrepresentable_eyes ... ok
test hostile_actions::hurler_shoots_live_target_past_nearest_dead_player ... ok
test hostile_actions::hurler_within_reach_submits_no_melee ... ok
test hostile_actions::invalid_call_shape_is_refused ... ok
test hostile_actions::missing_environment_is_internal ... ok
test hostile_actions::spread_mirror_matches_go_kat_vectors ... ok
test hostile_actions::stale_cooldown_at_apply_stages_nothing ... ok
test hostile_actions::tick_mismatch_refuses_before_effects ... ok
test hostile_actions::two_dead_players_produce_no_walker_or_hurler_action ... ok
test hostile_actions::walker_in_range_submits_melee_entry ... ok
test hostile_actions::walker_out_of_range_submits_nothing ... ok
test hostile_actions::walker_submits_while_attack_cooldown_active ... ok
test hostile_actions::walker_targets_live_player_past_dead_nearest_and_dead_tie ... ok
test hostile_actors::anchor_follows_session_order ... ok
test hostile_actors::bright_light_boundary ... ok
test generation_worker::public_pool_matches_depths_seed_fixture_and_preserves_prepared_facts ... ok
test fluids::boundary_flood_plant_policy_in_both_dimensions ... ok
test hostile_actors::cadence_exhaustion_clears_path_and_retains_next_calendar_tick ... ok
test generation::fluid_and_dimension_change_actual_fixture_terrain ... ok
test generation::seed42_nonorigin_chunks_match_existing_go_golden ... ok
test hostile_actors::cadence_generation_advances_from_the_existing_path_on_uuid_change ... ok
test generation_worker::public_pool_matches_origin_negative_goldens_with_independent_ids_and_reuse ... ok
test hostile_actors::cadence_clamped_and_adjusted_goals_survive_real_carries_until_due ... ok
test hostile_actors::cadence_hurler_bands_follow_owned_uuid_live_position_between_dispatches ... ok
test hostile_actors::cadence_failed_search_retries_next_calendar_tick ... ok
test hostile_actors::cadence_uncovered_refresh_retries_next_calendar_tick ... ok
test hostile_actors::daylight_burn_updates_authoritative_health_without_resetting_survival ... ok
test hostile_actors::fractional_horizontal_upper_cells_enter_immersed_native_physics ... ok
test hostile_actors::cadence_generation_exhaustion_refuses_without_partial_effects ... ok
test hostile_actors::fresh_skip_neutral_move_and_burn ... ok
test hostile_actors::cadence_restored_future_deadline_waits_without_transient_path ... ok
test hostile_actors::cadence_success_deadline_uses_frozen_calendar_time ... ok
test hostile_actors::cadence_new_nearest_waits_and_changed_uuid_preserves_generation ... ok
test hostile_actors::cadence_target_loss_waits_until_dispatch_and_keeps_existing_movement ... ok
test hostile_actors::geometry_goal_y_distance_widens_before_subtraction ... ok
test hostile_actors::geometry_representable_edges_defer_and_negative_motion_succeeds ... ok
test hostile_actors::geometry_burn_refusal_preserves_entire_batch ... ok
test hostile_actors::geometry_spawn_candidate_offsets_refuse ... ok
test hostile_actors::geometry_spawn_light_window_refuses ... ok
test hostile_actors::geometry_motion_extreme_cells_refuse_without_effect ... ok
test hostile_actors::geometry_both_edge_axes_complete_at_the_exhaustion_retry ... ok
test hostile_actors::geometry_loaded_edge_windows_preserve_exact_cells ... ok
test hostile_actors::lethal_daylight_burn_reaches_real_death_settlement_once ... ok
test hostile_actors::maximum_fluid_coordinates_refuse_without_effect ... ok
test hostile_actors::minimum_fluid_coordinates_refuse_without_effect ... ok
test hostile_actors::hurler_far_approaches_along_path ... ok
test hostile_actors::hurler_mid_band_holds ... ok
test hostile_actors::night_and_roof_preserve_authoritative_burn_health ... ok
test hostile_actors::hurler_close_retreats_straight_line ... ok
test hostile_actors::motion_selects_live_path_target_past_nearest_dead_player ... ok
test hostile_actors::hurler_band_edges_hold ... ok
test hostile_actors::night_tie_capacity_distance ... ok
test hostile_actors::ready_actual_drop_change_invalidates_carried_path ... ok
test hostile_actors::geometry_motion_refusal_preserves_earlier_and_fresh_entries ... ok
test hostile_actors::ready_cached_changed_revision_refuses_reuse ... ok
test hostile_actors::ready_cached_exhausted_cursor_refuses_reuse ... ok
test hostile_actors::ready_cached_missing_or_sparse_only_key_refuses_reuse ... ok
test hostile_actors::ready_actual_container_change_invalidates_carried_path ... ok
test hostile_actors::ready_sparse_chunk_samples_defer_without_ready_ownership ... ok
test hostile_actors::ready_cached_outside_current_view_refuses_reuse ... ok
test hostile_actors::ready_cached_wrong_dimension_refuses_reuse ... ok
test hostile_actors::ready_grid_captures_exact_chunk_revisions_instead_of_cell_cas ... ok
test hostile_actors::spawn_gates_peaceful_hash_and_kind ... ok
test hostile_actors::torso_water_enters_immersed_native_physics ... ok
test hostile_actors::touching_upper_cells_and_dry_rooms_exclude_immersion ... ok
test hostile_actors::ready_cached_oversized_revision_set_refuses_reuse ... ok
test hostile_outcomes::absent_batch_entry_means_no_hostile_attack ... ok
test hostile_actors::ready_missing_one_covered_key_defers_despite_sparse_sample ... ok
test hostile_outcomes::armor_uses_frozen_points_and_wears_each_reducing_piece ... ok
test hostile_outcomes::both_bow_forms_are_excluded ... ok
test hostile_outcomes::bucket_suppression_survives_successful_melee ... ok
test hostile_outcomes::closed_wall_blocks_melee_but_water_does_not ... ok
test hostile_outcomes::combat_hit_events_precede_death_staging ... ok
test hostile_actors::walker_attack_stop_unchanged ... ok
test hostile_outcomes::cumulative_player_death_capacity_uses_neighbor_or_retains_later_stack ... ok
test hostile_outcomes::cumulative_player_death_later_player_observes_prior_death_drops ... ok
test hostile_outcomes::cumulative_player_death_maximum_slots_preserves_durable_forms ... ok
test hostile_outcomes::dead_combatants_are_excluded ... ok
test hostile_outcomes::cumulative_player_death_revision_exhaustion_keeps_inventory_and_armor ... ok
test hostile_outcomes::death_call_shape_refusals ... ok
test hostile_outcomes::dead_hostile_record_is_not_resettled ... ok
test hostile_outcomes::equal_distance_wall_permits_hit ... ok
test hostile_outcomes::hostile_choice_damages_actual_player_without_owner_event ... ok
test hostile_outcomes::hostile_cooldown_one_permits_two_refuses ... ok
test hostile_outcomes::hostile_honors_choice_over_nearest ... ok
test hostile_outcomes::hostile_reservation_blocks_later_player_hit ... ok
test hostile_outcomes::death_phase_follows_combat_phase_with_passives_untouched ... ok
test hostile_outcomes::hurler_death_matches_go_known_answer_pair ... ok
test hostile_outcomes::hurler_never_melees ... ok
test hostile_outcomes::just_outside_reach_misses ... ok
test hostile_outcomes::latest_sword_durability_and_fractional_exhaustion_settle_together ... ok
test hostile_outcomes::hurler_empty_batch_skips_drops_but_marks_dead ... ok
test hostile_outcomes::lethal_player_hit_settles_hostile_death_once ... ok
test hostile_outcomes::lower_hostile_id_wins_single_victim ... ok
test hostile_outcomes::malformed_actor_position_refuses_before_effects ... ok
test hostile_outcomes::lower_hostile_id_loot_lands_first ... ok
test hostile_outcomes::missing_prerequisites_refuse_without_effects ... ok
test hostile_outcomes::mutual_lethal_frozen_players_both_settle ... ok
test hostile_outcomes::cumulative_player_death_merge_observes_earlier_slot_and_failed_attempt_rollback ... ok
test hostile_outcomes::non_sword_holds_no_wear ... ok
test hostile_outcomes::open_doors_pass_melee_ray ... ok
test hostile_outcomes::out_of_range_hostile_does_not_attack ... ok
test hostile_outcomes::passive_hit_arms_flee_and_preserves_vertical_velocity ... ok
test hostile_outcomes::player_death_repacks_drops_resets_and_teleports_to_anchor ... ok
test hostile_outcomes::player_reaches_exactly_three_and_hits_nearest ... ok
test hostile_outcomes::player_double_settle_noop_across_survival_provider ... ok
test hostile_outcomes::mutual_lethal_hostile_and_player_both_settle ... ok
test hostile_outcomes::player_repack_impossible_preserves_everything_for_retry ... ok
test hostile_outcomes::protected_nearest_blocks_farther_target ... ok
test hostile_outcomes::player_teleport_prefers_live_respawn_position ... ok
test hostile_outcomes::stale_batch_tick_refuses_without_effects ... ok
test hostile_outcomes::player_unplaceable_slots_stay_for_respawn ... ok
test hostile_outcomes::respawning_player_is_not_a_death_candidate ... ok
test hostile_outcomes::stale_dimension_refuses_hit ... ok
test hostile_outcomes::stale_lifecycle_refuses_hit ... ok
test hostile_outcomes::stale_player_body_identity_refuses_frozen_hit ... ok
test hostile_outcomes::stale_selected_count_refuses_hit ... ok
test hostile_outcomes::stale_selected_item_refuses_hit_without_wear ... ok
test hostile_outcomes::stale_selected_slot_refuses_hit ... ok
test hostile_outcomes::symmetric_targets_prefer_kind_then_id ... ok
test hostile_outcomes::two_attackers_single_victim_single_charge ... ok
test hostile_outcomes::unavailable_traversed_chunk_suppresses_hit ... ok
test hostile_outcomes::unreduced_hits_wear_no_armor ... ok
test hostile_outcomes::victim_eating_and_bow_reset_on_hit ... ok
test hostile_outcomes::walker_all_chunks_full_omits_loot_but_completes_death ... ok
test hostile_outcomes::walker_death_drops_single_flesh_and_marks_dead ... ok
test hostile_outcomes::walker_invalid_pose_marks_dead_without_loot ... ok
test hostile_outcomes::stale_batches_refuse_without_effects ... ok
test hostile_outcomes::wrong_dimension_excludes_hostile_attack ... ok
test hostile_actors::ready_unrelated_chunk_write_preserves_carried_cache_and_deadline ... ok
test hostile_outcomes::walker_ring_spills_to_neighbor_when_death_chunk_full ... ok
test hostile_outcomes::zero_exhaustion_threshold_pins_to_one_in_combat ... ok
test hostile_outcomes::zero_health_actor_still_advances_cooldowns ... ok
test inventory::armor_swap_and_zero ... ok
test inventory::half_5_to_3_remainder_2 ... ok
test inventory::conservation_and_duplicate_command ... ok
test inventory::quick_regions_and_no_fit ... ok
test mining::action_costs_capacity_precedes_completion ... ok
test mining::action_costs_human_completion_receipt ... ok
test mining::action_costs_refusals_do_not_earn_receipts ... ok
test mining::bucket_suppression_is_tick_local ... ok
test mining::companion_first_valid_hold_ignores_duplicate_release ... ok
test mining::companion_first_valid_selection_is_shared_across_action_kinds ... ok
test mining::companion_hold_survives_blocked_progress_and_runtime_carry ... ok
test mining::companion_hold_survives_completion_and_nonmining_selection ... ok
test mining::companion_hold_update_preserves_runtime_siblings_and_refuses_wrong_aux ... ok
test mining::companion_rejects_plants_and_keeps_leaves_body_only ... ok
test mining::companion_wrong_tool_body_is_suppressed_and_sapling_spares_tool ... ok
test mining::containers_and_paired_blocks_atomic ... ok
test mining::human_failure_reset_companion_saturate ... ok
test mining::key_switch_restarts_at_one ... ok
test mining::last_durability_and_exemptions ... ok
test mining::progress_pins_target_behind_transparent_cells ... ok
test mining::stone_pick_15_iron_8 ... ok
test mining::workbench_uses_wood_ticks_and_companion_can_mine_it ... ok
test passives::maximum_home_x_rolls_back_without_overflow ... ok
test passives::home_neighborhood_z_uses_signed_chunks ... ok
test passives::maximum_home_z_rolls_back_without_overflow ... ok
test passives::home_neighborhood_x_uses_signed_chunks ... ok
test passives::minimum_home_x_rolls_back_without_overflow ... ok
test passives::minimum_home_z_rolls_back_without_overflow ... ok
test hostile_actors::ready_two_later_committed_writes_invalidate_real_carried_paths ... ok
test passives::passive_all_chunks_full_omits_loot_but_completes_death ... ok
test passives::resident_32_33_and_restore_transient ... ok
test passives::passive_death_stages_beef_and_dead_atomically ... ok
test passives::passive_below_min_death_stays_lootless ... ok
test passives::tempt_8_stop_2_5_and_graze20 ... ok
test phase_order::action_costs_source_regions_order ... ok
test passives::wander_matches_go_heading_and_carried_shortest_arc ... ok
test phase_order::budget_carry_over_two_ticks ... ok
test phase_order::combat_projectile_death_sandwich ... ok
test phase_order::containers_before_mining_after_random ... ok
test phase_order::death_consumer_rejects_early_or_repeated_dispatch ... ok
test phase_order::dispatch_chain_runs_in_frozen_order ... ok
test phase_order::dispatch_guard_rejects_a_swapped_row ... ok
test phase_order::deferred_interactions_keep_order ... ok
test phase_order::dispatch_guard_rejects_pending_restore_before_acquisition ... ok
test phase_order::eating_before_motion ... ok
test phase_order::place_reaches_fluid_and_support_same_tick ... ok
test phase_order::environment_close_and_publication_run_exactly_once ... ok
test phase_order::recovery_precedes_oxygen_and_swapped_order_fails ... ok
test phase_order::snow_capture_order ... ok
test phase_order::swapped_arrival_order_still_dispatches_in_sequence ... ok
test phase_order::trample_capture_order ... ok
test phase_order::safe_checkpoint_rejects_early_or_repeated_dispatch ... ok
test player_motion::live_sprint_intent_resumes_when_hunger_recovers_without_packet ... ok
test player_motion::live_tick_reuses_held_input_until_neutral_packet ... ok
test player_motion::malformed_intake_and_missing_session_leave_state_unchanged ... ok
test player_motion::fresh_sprint_packet_obeys_hunger_and_sneak_gates ... ok
test player_motion::invalid_clears_held ... ok
test player_motion::reset_motion_preserves_pose_and_all_sibling_runtime_lanes ... ok
test player_motion::sneak_edge_clamps_only_local_input_at_loaded_cliff ... ok
test player_motion::motion_fluid_minimum_refuses_without_effect_and_nearby_succeeds ... ok
test player_motion::motion_preserves_sibling_runtime ... ok
test player_motion::sneak_edge_rotated_clamps_local_intent ... ok
test player_motion::sneak_edge_preserves_external_velocity ... ok
test player_motion::sneak_edge_diagonal_clamps_local_intent ... ok
test player_motion::sneak_snow_coordinate_refusal_precedes_overlay_effects ... ok
test player_motion::sneak_edge_source_gates_and_support_cases_match_native_entry ... ok
test player_motion::snow_tiers_scale_sprint_in_same_native_entry ... ok
test player_motion::stale_sequence_no_effect ... ok
test player_motion::snow_bypass_and_dimension_cases_match_native_entry ... ok
test player_motion::two_player_arrival_order ... ok
test player_survival::configured_drown_and_starvation_intervals_damage_at_the_current_boundary ... ok
test player_motion::snow_tiers_scale_walk_in_same_native_entry ... ok
test player_survival::configured_exhaustion_threshold_changes_regen_settlement ... ok
test player_motion::wall_fluid_fall_latest_input ... ok
test player_survival::configured_regen_cadence_and_live_snapshot_apply_without_counter_reset ... ok
test player_survival::configured_regen_hunger_gate_accumulates_and_peaceful_restores_after_charge ... ok
test player_survival::exhaustion_charge_receipts_settle ... ok
test player_survival::configured_zero_regen_interval_wrap_and_full_health_keep_source_order ... ok
test player_survival::damage_interrupts_bow_without_inventory_or_projectile_effects ... ok
test player_survival::exhaustion_crosses_twice ... ok
test player_survival::fall_curve_3_4 ... ok
test player_survival::fall_height_subtracts_in_source_precision ... ok
test player_survival::fall_uses_pre_step_ground_and_fluid_peak_resets ... ok
test player_survival::jump_debit_does_not_revoke_already_effective_sprint ... ok
test player_survival::landed_body_fluid_clears_peak_without_damage ... ok
test player_survival::oxygen_300_then_20 ... ok
test hostile_actors::ready_walker_hold_and_hurler_hold_or_retreat_bypass_stale_cache ... ok
test player_survival::oxygen_preserves_raw_sprint_intent_and_sibling_runtime ... ok
test player_survival::oxygen_fall_respawn_and_correction ... ok
test player_survival::pre_step_fluid_minimum_refusal_keeps_pending_charges ... ok
test player_survival::regen_140_and_hunger_floor ... ok
test player_survival::survival_fluid_minimum_refuses_without_effect_and_nearby_succeeds ... ok
test player_survival::zero_exhaustion_threshold_pins_to_one_in_regen ... ok
test projectiles::age_100_expires_at_entry ... ok
test projectiles::block_tie_wins_and_stale_target_is_ignored ... ok
test projectiles::bow_5_6_19_20_and_first_hold ... ok
test projectiles::bow_direction_matches_go_bits ... ok
test projectiles::bow_defensive_spawn_refusal_keeps_debit ... ok
test projectiles::bow_last_and_zero_durability_break ... ok
test projectiles::gravity_first_lifetime ... ok
test projectiles::bow_no_ammo_and_release_interruptions ... ok
test projectiles::intake_primary_advances_bow_before_motion ... ok
test projectiles::huge_finite_velocity_refuses_without_mutation ... ok
test projectiles::intake_release_fires_with_new_look_before_motion ... ok
test projectiles::invalid_arrow_confirmation_preserves_hit_state ... ok
test projectiles::invalid_intake_interrupts_actions_and_never_releases_bow ... ok
test projectiles::invalid_then_valid_release_does_not_resurrect_draw ... ok
test projectiles::large_scope_is_arithmetic_and_overflow_refuses ... ok
test projectiles::lethal_first_hit_redirects_second_arrow ... ok
test projectiles::long_ray_observes_early_wall_and_unknown ... ok
test projectiles::missing_impact_lanes_preserve_projectile_and_target ... ok
test projectiles::moving_target_and_duplicate_collision ... ok
test projectiles::nine_scopes_refuse_without_mutation ... ok
test projectiles::orphan_and_other_dimension_scope_remove ... ok
test projectiles::player_armor_runtime_and_owner_events_settle_serially ... ok
test projectiles::projectile_phase_rejects_actor_payload ... ok
test projectiles::ray_work_overflow_retains_projectile ... ok
test projectiles::passive_flee_and_shard_silence ... ok
test projectiles::ray_exactly_512_cells_can_complete ... ok
test projectiles::stale_and_tied_invalid_intake_preserve_winning_draw ... ok
test projectiles::wall_hit_and_unknown_ray ... ok
test projectiles::spawn_129_evicts_1 ... ok
test random_blocks::malformed_batch_does_not_advance ... ok
test random_blocks::repeated_sample_reads_new_layer_and_height ... ok
test random_blocks::sampled_crop_grows_once_and_mature_stays ... ok
test random_blocks::sampler_kat_and_endpoints ... ok
test random_blocks::same_fixture_seed_tick_and_active_set_repeat_full_snapshot ... ok
test random_blocks::sapling_uses_native_tree_and_aborts_on_obstruction ... ok
test random_blocks::sapling_root_height_bound_is_exclusive ... ok
test random_blocks::snow_grows_caps_and_melts_under_roof ... ok
test random_blocks::snow_holds_inside_temperature_band ... ok
test random_blocks::dry_farmland_reverts_only_on_its_roll_and_clear_overhead ... ok
test random_blocks::unavailable_and_extreme_keys_are_refused_without_writes ... ok
test random_blocks::zero_attempts_leave_sampled_world_unchanged ... ok
test sleep::bed_partner_coordinate_edges_keep_representable_pairs ... ok
test sleep::bed_partner_coordinate_overflow_refuses_without_effect ... ok
test sleep::entry_shape_gate_reports_zero_work_and_refuses_foreign_shapes ... ok
test sleep::full_record_replaces_within_bound ... ok
test sleep::movement_and_damage_wake_keep_respawn_record ... ok
test sleep::night_entry_passes_transparent_cells ... ok
test sleep::night_entry_preserves_staged_workbench_anchor ... ok
test sleep::night_entry_records_foot_respawn_from_either_half ... ok
test sleep::night_window_follows_seasonal_effective_phase ... ok
test sleep::non_bed_target_is_silent_noop ... ok
test sleep::replacement_session_full_record_refuses_without_effect ... ok
test sleep::seasonal_morning_disconnect_and_respawn ... ok
test sleep::sneak_day_and_miss_refusals_keep_record ... ok
test supports::bed_rejects_glass_support_that_keeps_torches ... ok
test supports::changed_ledger_dedupes_sorts_and_restores_final_values ... ok
test supports::changed_support_removes_bed_pair_with_one_drop ... ok
test supports::changed_support_removes_sapling_with_one_drop ... ok
test supports::changed_support_removes_short_grass_without_drop ... ok
test supports::changed_support_removes_standing_torch_with_one_drop ... ok
test supports::cross_chunk_bed_max_revision_refuses_atomically ... ok
test random_blocks::grass_spreads_from_ready_neighbor_and_skips_roof ... ok
test supports::depths_support_removal_is_dimension_scoped ... ok
test supports::cross_chunk_bed_requires_counterpart_then_clears_both_once ... ok
test supports::grass_pass_does_not_recursively_clear_newly_exposed_grass ... ok
test supports::later_pass_observes_removed_grass_but_grass_pass_does_not_recurse ... ok
test supports::loaded_air_counterpart_is_cleared_without_pair_form_check ... ok
test random_blocks::grass_ignores_unready_first_neighbor ... ok
test random_blocks::tree_cross_chunk_requires_all_targets_ready ... ok
test supports::full_slots_clear_grass_but_preserve_drop_bearing_targets ... ok
test supports::partial_slot_merges_with_delay_and_f1_reload ... ok
test random_blocks::two_ready_keys_permutation_and_duplicates_repeat_full_snapshot ... ok
test supports::restored_support_holds_all_four_targets ... ok
test supports::torch_orientations_and_glass_support_policy ... ok
test tick_state::consecutive_live_ticks_carry_residents ... ok
test tick_state::committed_overlay_round_trips_every_map ... ok
test tick_state::empty_live_ticks_stay_empty ... ok
test tick_state::live_pending_player_observation_is_private_and_retirement_stops_it ... ok
test tick_state::live_player_state_reaches_owned_wire_after_environment_settlement ... ok
test supports::ready_reload_clears_changed_ledger_and_wrong_calls_leave_state ... ok
test tick_state::live_player_state_retains_last_input_sequence_after_invalid_controls ... ok
test tick_state::live_projectile_hit_publishes_final_player_state_before_confirmation ... ok
test tick_state::live_reset_keeps_physics_lanes_while_regen_and_actions_advance ... ok
test tick_state::live_ticks_advance_committed_environment ... ok
test tick_state::actual_full_open_batch_reaches_environment_end ... ok
test tick_state::live_ticks_retain_sleep_anchors_and_eligibility ... ok
test tick_state::login_mapping_carries_every_save_default ... ok
test tick_state::login_without_body_or_activation_never_becomes_actor ... ok
test tick_state::login_zero_health_restores_full_health ... ok
test tick_state::login_session_becomes_actor_on_live_tick ... ok
test tick_state::retired_sleep_anchor_frees_replacement_capacity_across_ticks ... ok
test tools::bone_meal_one_stage ... ok
test tools::bucket_failure_conservation ... ok
test tick_state::retirement_prunes_sleep_without_rewriting_residents ... ok
test tools::bucket_full_suppression_capacity_preserves_state ... ok
test tools::bucket_source_and_flowing ... ok
test tools::foreign_actor_call_refuses_without_effect ... ok
test tools::hoe_full_charge_capacity_preserves_state ... ok
test tools::hoe_last_point ... ok
test tools::readiness_and_selected_tool_refusal ... ok
test tools::tool_rays_pass_transparent_cells_and_stop_at_closed_doors ... ok
test world_acquisition::drained_repeat_not_reinstalled ... ok
test world_acquisition::ready_result_cap_plus_one ... ok
test world_mutation::door_pair_and_internal_toggle ... ok
test world_acquisition::wanted_cancel_duplicate ... ok
test world_mutation::held_sneak_refuses_door_after_target_classification ... ok
test world_mutation::mutation_before_fluid_support_order ... ok
test world_mutation::human_companion_collision_first_wins ... ok
test world_mutation::stale_missing_protected_duplicate_refused ... ok
test random_blocks::all_crop_families_require_wet_support_and_sky ... ok
test tick_state::full_residents_carry_within_caps ... ok
test tick_state::actual_full_invalid_control_batch_preserves_both_roles_and_clock ... ok
test generation::dense_and_compact_chunks_match_go_and_reuse_scratch ... ok
test full_corpus::real_agent_candidate_admitted_and_stale_refused ... ok

test result: ok. 452 passed; 0 failed; 0 ignored; 0 measured; 0 filtered out; finished in 7.53s

