cd packages/engine && rustup run 1.97.1 cargo build --locked --release
   Compiling libc v0.2.189
   Compiling proc-macro2 v1.0.107
   Compiling unicode-ident v1.0.24
   Compiling quote v1.0.47
   Compiling shlex v2.0.1
   Compiling find-msvc-tools v0.1.11
   Compiling objc2-encode v4.1.0
   Compiling bitflags v2.13.1
   Compiling cfg_aliases v0.2.2
   Compiling godot-bindings v0.5.5
   Compiling gdextension-api v0.5.1
   Compiling objc2 v0.6.4
   Compiling cfg-if v1.0.4
   Compiling libm v0.2.16
   Compiling autocfg v1.5.1
   Compiling zerocopy v0.8.56
   Compiling num-traits v0.2.19
   Compiling nanoserde-derive v0.2.1
   Compiling pkg-config v0.3.34
   Compiling godot-codegen v0.5.5
   Compiling nanoserde v0.2.1
   Compiling syn v3.0.3
   Compiling syn v2.0.119
   Compiling jobserver v0.1.35
   Compiling cc v1.4.3
   Compiling heck v0.5.0
   Compiling thiserror v2.0.20
   Compiling naga v29.0.4
   Compiling equivalent v1.0.2
   Compiling parking_lot_core v0.9.12
   Compiling unicode-width v0.2.2
   Compiling objc-sys v0.3.5
   Compiling objc2-exception-helper v0.1.1
   Compiling zstd-sys v2.0.16+zstd.1.5.7
   Compiling log v0.4.33
   Compiling foldhash v0.2.0
   Compiling hashbrown v0.17.1
   Compiling raw-window-handle v0.6.2
   Compiling bit-vec v0.9.1
   Compiling bit-set v0.9.1
   Compiling indexmap v2.14.0
   Compiling hashbrown v0.16.1
   Compiling codespan-reporting v0.13.1
   Compiling smallvec v1.15.2
   Compiling hexf-parse v0.2.1
   Compiling zerocopy-derive v0.8.56
   Compiling arrayvec v0.7.8
   Compiling zstd-safe v7.2.4
   Compiling bytemuck_derive v1.12.0
   Compiling thiserror-impl v2.0.20
   Compiling scopeguard v1.2.0
   Compiling once_cell v1.21.4
   Compiling rustc-hash v1.1.0
   Compiling lock_api v0.4.14
   Compiling block2 v0.6.2
   Compiling objc2-core-foundation v0.3.2
   Compiling bytemuck v1.25.2
   Compiling wgpu-hal v29.0.4
   Compiling serde_core v1.0.229
   Compiling zmij v1.0.23
   Compiling wgpu-types v29.0.4
   Compiling objc2-foundation v0.3.2
   Compiling objc2 v0.5.2
   Compiling parking_lot v0.12.5
   Compiling godot-ffi v0.5.5
   Compiling profiling v1.0.18
   Compiling serde_json v1.0.151
   Compiling core-foundation-sys v0.8.7
   Compiling core-foundation v0.9.4
   Compiling block2 v0.5.1
   Compiling godot-core v0.5.5
   Compiling foreign-types-macros v0.2.4
   Compiling godot-macros v0.5.5
   Compiling wgpu-core v29.0.4
   Compiling memchr v2.8.3
   Compiling mornlea_engine v0.1.0 (/Users/chen/work/mornlea-f2-37-zcode/packages/engine/crates/mornlea_engine)
   Compiling itoa v1.0.18
   Compiling bitflags v1.3.2
   Compiling getrandom v0.3.4
   Compiling foreign-types-shared v0.3.1
   Compiling litrs v1.0.0
   Compiling dispatch v0.2.0
   Compiling mornlea_domain v0.1.0 (/Users/chen/work/mornlea-f2-37-zcode/packages/engine/crates/mornlea_domain)
   Compiling objc2-foundation v0.2.2
   Compiling half v2.7.1
   Compiling document-features v0.2.12
   Compiling foreign-types v0.5.0
   Compiling core-graphics-types v0.1.3
   Compiling venial v0.6.1
   Compiling winit v0.30.13
   Compiling wgpu v29.0.4
   Compiling tracing-core v0.1.36
   Compiling godot-cell v0.5.5
   Compiling pin-project-lite v0.2.17
   Compiling glam v0.32.1
   Compiling tracing v0.1.44
   Compiling objc2-app-kit v0.2.2
   Compiling wgpu-naga-bridge v29.0.4
   Compiling core-graphics v0.23.2
   Compiling cursor-icon v1.2.0
   Compiling smol_str v0.2.2
   Compiling objc2-metal v0.3.2
   Compiling objc2-app-kit v0.3.2
   Compiling objc2-quartz-core v0.3.2
   Compiling raw-window-metal v1.1.0
   Compiling dpi v0.1.2
   Compiling static_assertions v1.1.0
   Compiling objc2-web-kit v0.3.2
   Compiling pollster v0.4.0
   Compiling wgpu-core-deps-apple v29.0.4
   Compiling zstd v0.13.3
   Compiling mornlea_protocol v0.1.0 (/Users/chen/work/mornlea-f2-37-zcode/packages/engine/crates/mornlea_protocol)
   Compiling mornlea_storage v0.1.0 (/Users/chen/work/mornlea-f2-37-zcode/packages/engine/crates/mornlea_storage)
   Compiling mornlea_server v0.1.0 (/Users/chen/work/mornlea-f2-37-zcode/packages/engine/crates/mornlea_server)
   Compiling mornlea_client v0.1.0 (/Users/chen/work/mornlea-f2-37-zcode/packages/engine/crates/mornlea_client)
   Compiling godot v0.5.5
   Compiling mornlea_godot v0.1.0 (/Users/chen/work/mornlea-f2-37-zcode/packages/engine/crates/mornlea_godot)
    Finished `release` profile [optimized] target(s) in 6m 39s
scripts/engine/deploy-dylib.sh "/Users/chen/work/mornlea-f2-37-zcode/packages/engine/target/cargo/release" "packages/engine/target/release"
packages/engine/target/release/libmornlea_engine.dylib: replacing existing signature
packages/engine/target/release/libmornlea_client.dylib: replacing existing signature
