    Finished `test` profile [unoptimized + debuginfo] target(s) in 0.23s
     Running tests/server_contract.rs (packages/engine/target/cargo/debug/deps/server_contract-779713adbd71c6e5)

running 275 tests
test agent_host::dialogue_persona_bound_and_skip ... ok
test agent_host::host_retirement_refusal_bounds_admission_then_reaps ... ok
test agent_host::failed_outcome_cancels_registry_and_run ... ok
test agent_host::repeatable_dialogue_terminal_transfers_and_retires_once ... ok
test agent_host::repeatable_plan_terminal_transfers_and_retires_once ... ok
test agent_host::four_then_five_no_world_effect ... ok
test agent_host::plan_current_world_revalidation ... ok
test agent_http::cancellation_token_is_shared_and_one_way ... ok
test agent_http::cancelled_request_opens_no_connection ... ok
test agent_host::four_terminal_outcomes_preserve_worker_capacity_until_install ... ok
test agent_http::goldens_and_echo_rejection ... ok
test agent_http::cancellation_retires_only_its_response_socket ... ok
test agent_host::pending_cancel_run_keeps_ownership_until_later_retirement ... ok
test agent_lease::absent_request_retirement_is_local_and_idempotent_across_clones ... ok
test agent_lease::cancel_business_request_reaps_cooperative_worker_and_preserves_other_request ... ok
test agent_http::accepted_connection_waits_for_request ... ok
test agent_lease::cloned_controller_shares_frozen_identity_and_idempotent_close ... ok
test agent_host::invalid_terminal_releases_only_its_current_gate ... ok
test agent_lease::cancel_business_timeout_uses_wall_budget_and_retains_owned_worker_for_retry ... ok
test agent_lease::close_bounds_both_owned_worker_lanes_and_retries_reclamation ... ok
test agent_lease::close_reclaims_finished_control_and_business_panics_before_returning_error ... ok
test agent_lease::freeze_release_retry_and_expiry ... ok
test agent_http::limits_and_no_extra_keys ... ok
test agent_lease::freeze_cancels_cooperative_control_rpc_without_closing_wire ... ok
test agent_lease::freeze_retains_noncooperative_control_join_without_waiting ... ok
test agent_lease::hung_acquire_heartbeat ... ok
test agent_lease::late_fence_ignored ... ok
test agent_lease::freeze_fences_held_plan_completion ... ok
test agent_lease::panicked_business_worker_reports_internal_and_is_reclaimed ... ok
test agent_lease::heartbeat_does_not_invalidate_plan ... ok
test agent_lease::reacquire_fences_old_plan ... ok
test agent_lease::release_fences_held_frozen_cleanup_completion ... ok
test agent_lease::frozen_lease_admits_only_retained_finalization_identity ... ok
test agent_mcp::lifecycle::actual_lifecycle_timeout_retains_tool_then_retries ... ok
test agent_http::response_drips_share_one_absolute_deadline ... ok
test agent_mcp::lifecycle::actual_tool_panic_is_reported_once_then_retired ... ok
test agent_mcp::lifecycle::concurrent_close_attempts_retain_and_retry_same_service ... ok
test agent_http::close_interrupts_blocked_response ... ok
test agent_mcp::lifecycle::expired_close_freezes_and_retains_actual_worker ... ok
test agent_mcp::lifecycle::partial_header_and_body_io_are_interrupted_before_close_succeeds ... ok
test agent_mcp::lifecycle::legacy_close_waits_for_actual_held_tool ... ok
test agent_mcp::cancel_before_after_encode ... ok
test agent_mcp::service_loopback_close_and_serve_failure_isolation ... ok
test agent_lease::terminal_business_requests_remain_charged_until_retirement ... ok
test agent_memory::epoch_and_revision_fence ... ok
test agent_mcp::slow_body_waits_for_bytes ... ok
test agent_memory::finalizer_bypasses_ordinary_backoff_without_clearing_it_to_send ... ok
test agent_memory::finalizer_caps_attempt_and_obeys_earlier_caller_expiry_without_submission ... ok
test agent_memory::finalizer_cleanup_cannot_hide_behind_semantic_settlement ... ok
test agent_memory::finalizer_divergent_nonzero_absence_and_wrong_epoch_never_commit ... ok
test agent_memory::finalizer_failed_commit_requires_another_remote_confirmation ... ok
test agent_memory::finalizer_failed_delete_retries_original_tombstone ... ok
test agent_memory::finalizer_malformed_delete_remains_owned_and_retries_original_transition ... ok
test agent_memory::finalizer_nonempty_drain_requires_attempt ... ok
test agent_memory::finalizer_pending_uses_wall_deadline_and_fresh_retry_context ... ok
test agent_memory::finalizer_reaps_panicked_commit_after_semantic_retry ... ok
test agent_memory::finalizer_reconciles_reserved_base_before_same_operation_commit ... ok
test agent_memory::finalizer_reservation_capacity_preserves_first_sixty_four ... ok
test agent_memory::finalizer_retires_unknown_commit_then_reconciles_already_committed_state ... ok
test agent_memory::finalizer_round_robin_bounds_attempts_and_prevents_refusal_starvation ... ok
test agent_memory::memory_retirement_refusal_bounds_requests_then_reaps ... ok
test agent_memory::memory_terminal_lanes_reclaim_once_and_fenced_delete_can_retry ... ok
test agent_memory::pending_memory_counts_semantic_ownership_once_and_cleanup_separately ... ok
test agent_memory::pending_memory_retains_delete_intent_after_rpc_retirement ... ok
test agent_mcp::lifecycle::seventeenth_connection_is_closed_without_tool_dispatch ... ok
test agent_memory::reconcile_retry_backoff_schedule ... ok
test agent_memory::repeatable_memory_refusals_do_not_rearm_or_mutate_twice ... ok
test agent_memory::shutdown_reconcile_fresh_context ... ok
test agent_memory::unknown_commit_same_operation ... ok
test agent_memory::unresolved_delete_intent_refuses_conflicting_retry ... ok
test agent_memory::unresolved_delete_intents_refuse_sixty_fifth_distinct_name ... ok
test agent_snapshot::copy_and_source_tick_not_wire ... ok
test agent_snapshot::digest_matches_go_goldens ... ok
test agent_snapshot::four_then_five_expire_cancel ... ok
test agent_snapshot::negative_zero_spelling_matches_go ... ok
test agent_snapshot::planning_status_digest_and_validation ... ok
test agent_snapshot::register_rejects_bad_identity_and_deadline ... ok
test agent_snapshot::system_entropy_uses_os_rng_without_predictable_fallback ... ok
test chunk_encoding::actual_factory_retains_exact_capture_and_roundtrips_air ... ok
test chunk_encoding::checked_request_identity_is_nonzero_and_nominal ... ok
test chunk_encoding::equal_numeric_captures_are_distinct_and_frame_survives_owner_drop ... ok
test chunk_encoding::executing_double_bounds_held_results_and_uses_monotonic_ids ... ok
test agent_host::real_lease_host_reclaims_more_than_sixty_four_panicked_plan_cycles ... ok
test chunk_encoding::executing_double_consumer_correlates_pending_ready_failed_and_cancelled ... ok
test combat_input::callable_consumers_preserve_target_session_and_tick ... ok
test agent_mcp::schema_tools_protocol_matrix ... ok
test chunk_encoding::publication_receipt_double_advances_mirror_only_after_queued ... ok
test combat_input::duplicate_attacker_refuses_same_or_different_targets ... ok
test combat_input::maximum_batch_is_canonical_and_does_not_rewrite_source ... ok
test combat_input::empty_batch_preserves_scalar_tick ... ok
test companion_ingress::cancelled_generation_nan_invalid_target ... ok
test companion_ingress::valid_and_duplicate ... ok
test companion_ingress::wrong_attempt_digest_and_cap ... ok
test contract_double::action_receipt_preflight_and_suppression_capacity ... ok
test contract_double::clock_units_separate ... ok
test contract_double::completion_returns_ownership ... ok
test contract_double::all_ports_type_flow ... ok
test contract_double::compound_rejects_partial ... ok
test contract_double::event_publication_reaches_outbox ... ok
test contract_double::compound_projectile_insert_is_atomic ... ok
test contract_double::load_prepare_install_send_activate ... ok
test contract_double::projectile_compound_capacity_and_rollback ... ok
test contract_double::projectile_fixture_initialization ... ok
test contract_double::projectile_invalid_shapes_and_identity ... ok
test contract_double::projectile_update_remove_and_stale ... ok
test contract_double::projectile_damage_staging_is_bounded_and_atomic ... ok
test contract_double::shutdown_failure_retains_report ... ok
test contract_double::valid_receipt ... ok
test drop_store::clear_rebirth_preserves_generation_and_compound_order ... ok
test drop_store::exhausted_revision_allows_only_counter_changes ... ok
test drop_store::durable_drop_changes_share_block_revision_but_aging_does_not ... ok
test drop_store::fixture_overlay_cannot_resurrect_an_inactive_generation ... ok
test drop_store::failed_compound_and_capacity_preserve_all_slots ... ok
test drop_store::identical_patch_and_empty_batch_keep_snapshot_exact ... ok
test drop_store::input_stack_bound_is_distinct_from_physical_slots ... ok
test drop_store::loaded_center_preserves_source_wrapping_and_float_rounding ... ok
test drop_store::merge_retains_age_identity_and_longest_delay ... ok
test drop_store::missing_invalid_origin_and_exhausted_revision_are_state_preserving ... ok
test drop_store::patches_refuse_identity_position_item_and_count_forgery ... ok
test drop_store::mutable_invalid_stack_and_other_lane_refusal_publish_no_drops ... ok
test drop_store::preflight_is_pure_and_negative_chunk_center_is_exact ... ok
test harvest::both_consumer_examples_preserve_wheat_then_seed_order ... ok
test harvest::counts_remain_bounded_at_integer_extremes ... ok
test harvest::crop_known_answers_match_frozen_go_sampler ... ok
test harvest::leaves_known_answers_omit_tick_and_have_distinct_salt ... ok
test interaction::literal_source_target_matrix_keeps_plants_and_glass ... ok
test harvest::short_grass_known_answers_omit_tick ... ok
test interaction::ray_normalization_refuses_nonfinite_and_source_tiny_boundary ... ok
test interaction::source_look_components_match_go_float_bits ... ok
test drop_store::restored_slots_do_not_round_trip_through_float_coordinates ... ok
test agent_host::real_http_host_reclaims_more_than_sixty_four_plan_cycles ... ok
test interaction::source_ray_normalization_matches_go_without_large_vector_overflow ... ok
test interaction::unready_missing_or_nonlower_support_keeps_upper_targetable ... ok
test interaction::upper_door_follows_exact_lower_in_its_own_dimension ... ok
test inventory::capability_inventory_rows_are_unique_and_complete ... ok
test load_ports::preparation_preserves_source_facts_and_moves_ready ... ok
test load_ports::preparation_rejects_identity_before_revision_and_storage ... ok
test load_ports::preparation_rejects_invalid_revision_facts ... ok
test mailbox::budget_ceiling_accepts_cap_and_refuses_plus_one ... ok
test mailbox::duplicate_result_without_cancellation ... ok
test mailbox::full_global_queue_rejects_either_session_intact ... ok
test load_ports::consumer_calls_accept_prepared_missing_failure_and_cancel ... ok
test mailbox::late_chunk_once ... ok
test mutation::bed_target_uses_short_shape_and_strict_boundary ... ok
test mailbox::zero_and_prefix_carry ... ok
test load_ports::preparation_checks_compact_storage_and_keeps_flags_independent ... ok
test mutation::companion_bed_clears_pair_with_one_credit_and_one_wear ... ok
test mutation::companion_credits_container_then_wears_newly_selected_tool ... ok
test mutation::companion_door_keeps_source_single_cell_branch ... ok
test mutation::competing_target_first_wins ... ok
test mutation::compound_inventory_chain_uses_listed_order ... ok
test mutation::compound_inventory_distinct_actor_chains_do_not_interfere ... ok
test mutation::compound_inventory_repeated_preimage_refuses_without_effects ... ok
test mutation::crop_side_face_requires_farmland_below_destination ... ok
test mutation::cross_chunk_bed_head_requires_current_foot_and_anchors_hit_drop ... ok
test mutation::dirt_target_refuses_feet_overlap_but_allows_exact_tangent ... ok
test mutation::dirt_target_refuses_torso_overlap_without_effects ... ok
test mutation::door_at_world_ceiling_refuses_unavailable_upper_without_wear ... ok
test mutation::door_target_uses_default_south_shape_before_yaw_expansion ... ok
test mutation::grass_miss_ignores_full_capacity_but_hit_retries_stably ... ok
test mutation::companion_mines_loaded_container_once_and_rebirth_advances_retained_generation ... ok
test mutation::leaf_second_output_capacity_refuses_whole_mine ... ok
test mutation::human_drop_companion_credit ... ok
test mutation::effect_budget_refused ... ok
test mutation::full_drop_slots_allow_exact_same_cell_mining_merge ... ok
test mutation::loaded_container_mining_removes_nonzero_slot_and_preserves_generation ... ok
test mutation::mine_ray_passes_fluids_and_open_doors_to_solid_behind ... ok
test mutation::mine_ray_stops_at_closed_door ... ok
test mutation::missing_item_occupied_protected_refused ... ok
test mutation::place_ray_passes_open_door_but_destination_refuses ... ok
test mutation::place_ray_passes_water_and_ordinary_block_replaces_it ... ok
test mutation::place_ray_stops_at_closed_door ... ok
test mutation::placement_forms_refuse_water_with_source_reason_and_no_effects ... ok
test mutation::mining_rechecks_loaded_container_capture_and_drop_capacity_without_spending_tool ... ok
test mutation::plant_missing_support_refuses_without_publication ... ok
test mutation::qualified_zero_box_plants_can_occupy_the_player_cell ... ok
test mutation::primary_release_and_no_target_none ... ok
test mutation::loaded_placement_allocates_lowest_reusable_slot_and_refuses_capacity_atomically ... ok
test mutation::placement_invalid_item_precedes_ray_and_destination_refusals ... ok
test mutation::resolved_mining_rechecks_ray_before_tool_or_credit_settlement ... ok
test mutation::resolved_companion_place_rechecks_active_actor ... ok
test mutation::resolved_place_allows_unrelated_terrain_actor_and_runtime_change ... ok
test mutation::resolved_place_rechecks_actor_and_environment_basis ... ok
test mutation::resolved_place_rechecks_missing_classifier_partner ... ok
test mutation::resolved_place_rechecks_support_without_written_cell_changes ... ok
test mutation::resolved_place_rechecks_read_only_ray_cells ... ok
test mutation::sapling_side_face_requires_dirt_or_grass_below_destination ... ok
test mutation::single_inventory_effect_retains_compare_and_swap ... ok
test mutation::stale_generation_and_revision_refused ... ok
test mutation::torch_bottom_face_still_has_no_placeable_form ... ok
test mutation::source_harvest_outputs_settle_in_fixed_order ... ok
test mutation::torch_fluid_refusal_precedes_full_cell_overlap ... ok
test mutation::torch_full_cell_overlap_precedes_unsupported_shape ... ok
test mutation::resolved_ray_refuses_before_exceeding_observation_bound ... ok
test mutation::two_chunk_door_atomic ... ok
test mutation::torch_standing_rejects_zero_collision_support_and_accepts_source_boxes ... ok
test mutation::torch_wall_faces_place_on_the_source_hit_support ... ok
test mutation::valid_place_debit_and_delta ... ok
test mutation::upper_door_mining_clears_pair_and_anchors_lower_drop ... ok
test prepared_delivery::actual_capacity_receipts_retire_once_preserve_prefix_and_isolate_peer ... ok
test mutation::wrong_tool_chest_contents_are_atomic_without_body ... ok
test prepared_delivery::actual_phase_packet_precedence_unknown_identity_and_explicit_close ... ok
test mutation::wrong_tool_clears_without_body_or_drop_capacity ... ok
test prepared_delivery::memory_moves_shared_owner_after_packet_codec_drop_and_broadcast_shares_bytes ... ok
test prepared_delivery::mixed_legacy_prepared_fifo_count_byte_and_nonfit_budgets ... ok
test prepared_publication::actual_factory_matches_canonical_control_frames_and_decodes_values ... ok
test prepared_publication::actual_factory_refuses_mutated_snapshot_without_an_owner ... ok
test prepared_publication::consumer_double_nonplay_refusal_precedes_queue_mutation ... ok
test prepared_publication::consumer_double_saturation_retains_fifo_and_isolates_peer ... ok
test prepared_publication::actual_factory_roundtrips_checked_domain_air_snapshot ... ok
test prepared_publication::consumer_double_whole_frame_budgets_preserve_the_suffix ... ok
test publication::broadcast_excludes_closed_session ... ok
test prepared_publication::consumer_mirror_revision_advances_only_on_queued ... ok
test prepared_publication::immutable_owner_survives_codec_packet_and_double_lifetimes ... ok
test publication::mixed_publication_retains_canonical_packet_identity_and_budgeted_suffix ... ok
test publication::slow_session_does_not_block_peer ... ok
test publication::outbox_512_then_513 ... ok
test publication::silent_slow_receiver ... ok
test session::chat_and_keepalive_stay_control_plane ... ok
test session::duplicate_live_identity_is_refused_until_retirement ... ok
test session::eighth_player_admits_and_ninth_hits_capacity ... ok
test session::command_cap_plus_one_rejects_without_advancing_state ... ok
test session::retired_key_refuses_submit ... ok
test session::sorted_batch_applies_eight_first_nine_and_discards_duplicate ... ok
test shutdown::closed_idempotent ... ok
test shutdown::buffered_command_once_no_publication ... ok
test shutdown::agent_close_failure_no_release_repeat ... ok
test shutdown::failed_sync_retains_lease ... ok
test shutdown::mcp_close_failure_no_agent_repeat ... ok
test shutdown::memory_expired_entry_refreshes_pending_without_beginning_another_attempt ... ok
test shutdown::memory_begin_and_drain_failures_retain_pending_ownership_for_retry ... ok
test prepared_delivery::actual_disk_login_acknowledgment_live_port_memory_transfer_and_lease_release ... ok
test shutdown::memory_pending_progress_drains_until_zero_in_one_attempt ... ok
test shutdown::memory_state_entry_drains_progress_and_preserves_retry_ownership ... ok
test shutdown::release_and_close_retry_skip_sync ... ok
test shutdown::release_lost_response_expiry ... ok
test shutdown::state_shutdown_quiesces_actual_agent_before_memory_failure ... ok
test shutdown::timeout_resume_without_second_tick ... ok
test shutdown::memory_fixed_clock_pending_is_bounded_by_wall_deadline_and_resumes ... ok
test tick::advance_tick_delegation_keeps_validations_and_drains ... ok
test shutdown::memory_zero_report_cannot_hide_retained_pending_ownership ... ok
test tick::empty_dispatch_runs_no_provider_with_empty_publication ... ok
test tick::advance_tick_publishes_pre_bump_tick ... ok
test tick::actual_final_reduces_accepted_commands_once_without_publication ... ok
test tick::future_dues_fire_next_tick ... ok
test tick::retired_session_commands_drop_stale_never_carried ... ok
test tick::stale_batch_ordering_counts_duplicates ... ok
test transport_session_ports::narrow_only_authority_accepts_and_closes_a_real_session ... ok
test transport_session_ports::narrow_session_port_retains_exact_unknown_session_refusal ... ok
test shutdown::memory_completion_after_wall_deadline_defers_release_until_retry ... ok
test world_outputs::container_patch_survives_real_chunk_save ... ok
test world_outputs::dimensions_own_distinct_slots_and_ready_miss_never_uses_sparse_fixture ... ok
test world_outputs::furnace_counters_and_multiple_lanes_share_one_durable_revision ... ok
test world_outputs::mined_drop_retains_exact_integer_cell_beyond_float_precision ... ok
test world_outputs::invalid_or_stale_container_compound_preserves_every_output_lane ... ok
test world_outputs::sparse_container_patches_use_the_same_checked_payload_boundary ... ok
test world_outputs::ready_container_lookup_uses_actual_slot_and_generation ... ok
test world_read::checked_random_tunable_endpoints ... ok
test world_read::complete_rule_timing_snapshot_preserves_configured_values ... ok
test world_outputs::ordered_container_patches_preserve_explicit_durable_touch ... ok
test world_read::fixture_loads_ready_chunks ... ok
test world_read::invalid_chunk_refuses ... ok
test world_outputs::stale_or_full_system_output_preserves_blocks_and_slots ... ok
test world_read::max_revision_refuses ... ok
test world_read::height_tracks_overlay_and_snapshot ... ok
test world_read::negative_boundary_and_packed ... ok
test world_read::multiwrite_one_durable_revision ... ok
test world_read::ready_air_and_missing ... ok
test world_read::sparse_fixture_cannot_override_ready_height ... ok
test world_read::unchanged_write_retains_durable_revision ... ok
test world_outputs::dirty_ready_containers_replay_with_emitted_chunk_revision ... ok
test agent_memory::finalizer_actual_frozen_clone_reclaims_sixty_five_retry_cycles ... ok
test agent_memory::real_lease_reclaims_more_than_sixty_four_memory_cycles ... ok
test agent_mcp::lifecycle::completed_connections_release_capacity_without_history ... ok
test agent_mcp::exact_byte_limits ... ok

test result: ok. 275 passed; 0 failed; 0 ignored; 0 measured; 0 filtered out; finished in 2.71s

